[2019-10-10T13:40:29.723+0000][69196][gc] Using Concurrent Mark Sweep
[2019-10-10T13:40:29.723+0000][69196][gc,heap,coops] Heap address: 0x00000007c0000000, size: 1024 MB, Compressed Oops mode: Zero based, Oop shift amount: 3
[2019-10-10T13:40:29.789+0000][69196][safepoint    ] Safepoint "EnableBiasedLocking", Time since last: 31770012 ns, Reaching safepoint: 48787 ns, At safepoint: 63481 ns, Total: 112268 ns
[2019-10-10T13:40:29.790+0000][69196][gc,heap,exit ] Heap
[2019-10-10T13:40:29.790+0000][69196][gc,heap,exit ]  par new generation   total 314560K, used 16777K [0x00000007c0000000, 0x00000007d5550000, 0x00000007d5550000)
[2019-10-10T13:40:29.790+0000][69196][gc,heap,exit ]   eden space 279616K,   6% used [0x00000007c0000000, 0x00000007c1062558, 0x00000007d1110000)
[2019-10-10T13:40:29.790+0000][69196][gc,heap,exit ]   from space 34944K,   0% used [0x00000007d1110000, 0x00000007d1110000, 0x00000007d3330000)
[2019-10-10T13:40:29.790+0000][69196][gc,heap,exit ]   to   space 34944K,   0% used [0x00000007d3330000, 0x00000007d3330000, 0x00000007d5550000)
[2019-10-10T13:40:29.791+0000][69196][gc,heap,exit ]  concurrent mark-sweep generation total 699072K, used 0K [0x00000007d5550000, 0x0000000800000000, 0x0000000800000000)
[2019-10-10T13:40:29.791+0000][69196][gc,heap,exit ]  Metaspace       used 126K, capacity 4480K, committed 4480K, reserved 1056768K
[2019-10-10T13:40:29.791+0000][69196][gc,heap,exit ]   class space    used 3K, capacity 384K, committed 384K, reserved 1048576K
